[16:05:26] [1/135] ivacaftor                    fold_q141k=-4.544 fold_wt=-5.013 transport=-6.805 tier=no  (ETA 71.5m)
[16:06:50] [2/135] tezacaftor                   fold_q141k=-5.906 fold_wt=-5.613 transport=-7.346 tier=no  (ETA 128.5m)
[16:09:03] [3/135] elexacaftor                  fold_q141k=-5.796 fold_wt=-6.215 transport=-7.745 tier=no  (ETA 182.9m)
[16:09:57] [4/135] lumacaftor                   fold_q141k=-7.349 fold_wt=-7.032 transport=-8.766 tier=no  (ETA 165.2m)
[16:10:59] [5/135] ko143                        fold_q141k=-4.746 fold_wt=-4.691 transport=-6.264 tier=no  (ETA 158.1m)
[16:11:16] [6/135] fumitremorgin_c              fold_q141k=-5.062 fold_wt=-5.298 transport=-6.74 tier=no  (ETA 137.0m)
[16:14:25] [7/135] tariquidar                   fold_q141k=-6.163 fold_wt=-5.178 transport=-7.754 tier=no  (ETA 174.1m)
[16:16:03] [8/135] elacridar                    fold_q141k=-6.297 fold_wt=-6.477 transport=-8.234 tier=no  (ETA 177.1m)
[16:16:13] [9/135] 4-phenylbutyric_acid         fold_q141k=-5.36 fold_wt=-4.892 transport=-4.603 tier=no  (ETA 158.4m)
[16:16:14] [10/135] sodium_butyrate              fold_q141k=None fold_wt=None transport=None tier=error  (ETA 141.7m)
[16:16:45] [11/135] vorinostat                   fold_q141k=-6.194 fold_wt=-5.966 transport=-5.645 tier=uncertain  (ETA 133.7m)
[16:21:15] [12/135] romidepsin                   fold_q141k=-1.85 fold_wt=-2.761 transport=-3.506 tier=no  (ETA 167.5m)
[16:21:26] [13/135] migalastat                   fold_q141k=-3.341 fold_wt=-3.397 transport=-4.6 tier=no  (ETA 155.1m)
[16:21:46] [14/135] miglustat                    fold_q141k=-4.037 fold_wt=-4.255 transport=-5.231 tier=no  (ETA 145.8m)
[16:22:04] [15/135] ambroxol                     fold_q141k=-4.904 fold_wt=-5.172 transport=-5.123 tier=no  (ETA 137.4m)
[16:22:14] [16/135] isofagomine                  fold_q141k=-3.477 fold_wt=-3.457 transport=-4.666 tier=no  (ETA 128.9m)
[16:22:27] [17/135] tafamidis                    fold_q141k=-5.021 fold_wt=-5.088 transport=-6.189 tier=no  (ETA 121.8m)
[16:22:39] [18/135] diflunisal                   fold_q141k=-4.638 fold_wt=-5.191 transport=-5.822 tier=no  (ETA 115.4m)
[16:23:24] [19/135] trehalose                    fold_q141k=-4.653 fold_wt=-4.907 transport=-6.186 tier=no  (ETA 112.9m)
[16:28:56] [20/135] geldanamycin_17_aag          fold_q141k=-3.381 fold_wt=-4.014 transport=-4.736 tier=no  (ETA 138.2m)
[16:29:27] [21/135] ganetespib                   fold_q141k=-4.218 fold_wt=-4.665 transport=-6.491 tier=no  (ETA 133.3m)
[16:31:47] [22/135] ver155008                    fold_q141k=-6.464 fold_wt=-6.428 transport=-7.599 tier=no  (ETA 138.1m)
[16:32:19] [23/135] deflazacort                  fold_q141k=-5.51 fold_wt=-5.566 transport=-6.927 tier=no  (ETA 133.5m)
[16:32:25] [24/135] betaine                      fold_q141k=-3.001 fold_wt=-2.827 transport=-3.993 tier=no  (ETA 127.3m)
[16:33:51] [25/135] rosuvastatin                 fold_q141k=-6.801 fold_wt=-5.849 transport=-6.265 tier=uncertain  (ETA 127.4m)
[16:36:59] [26/135] atorvastatin                 fold_q141k=-4.807 fold_wt=-6.368 transport=-6.196 tier=no  (ETA 134.5m)
[16:37:54] [27/135] simvastatin                  fold_q141k=-4.878 fold_wt=-5.266 transport=-6.27 tier=no  (ETA 132.0m)
[16:39:20] [28/135] pravastatin                  fold_q141k=-5.34 fold_wt=-5.542 transport=-6.118 tier=no  (ETA 131.6m)
[16:39:47] [29/135] fluoxetine                   fold_q141k=-4.973 fold_wt=-5.211 transport=-5.34 tier=no  (ETA 127.5m)
[16:40:02] [30/135] sertraline                   fold_q141k=-4.771 fold_wt=-4.771 transport=-6.262 tier=no  (ETA 123.0m)
[16:40:29] [31/135] citalopram                   fold_q141k=-4.688 fold_wt=-4.293 transport=-5.769 tier=no  (ETA 119.4m)
[16:40:56] [32/135] escitalopram                 fold_q141k=-4.704 fold_wt=-4.978 transport=-5.265 tier=no  (ETA 116.0m)
[16:41:21] [33/135] propranolol                  fold_q141k=-5.311 fold_wt=-5.016 transport=-5.447 tier=no  (ETA 112.7m)
[16:41:53] [34/135] metoprolol                   fold_q141k=-4.578 fold_wt=-4.657 transport=-5.357 tier=no  (ETA 109.9m)
[16:42:24] [35/135] atenolol                     fold_q141k=-4.266 fold_wt=-5.016 transport=-5.474 tier=no  (ETA 107.2m)
[16:43:47] [36/135] carvedilol                   fold_q141k=-5.26 fold_wt=-4.992 transport=-6.539 tier=no  (ETA 106.9m)
[16:44:17] [37/135] amoxicillin                  fold_q141k=-4.627 fold_wt=-5.678 transport=-6.615 tier=no  (ETA 104.3m)
[16:58:36] [38/135] azithromycin                 fold_q141k=-2.787 fold_wt=-3.154 transport=-4.381 tier=no  (ETA 137.1m)
[16:58:55] [39/135] ciprofloxacin                fold_q141k=-4.845 fold_wt=-4.948 transport=-6.227 tier=no  (ETA 133.0m)
[16:59:23] [40/135] doxycycline                  fold_q141k=-4.98 fold_wt=-5.645 transport=-6.756 tier=no  (ETA 129.4m)
[16:59:33] [41/135] metronidazole                fold_q141k=-3.433 fold_wt=-3.41 transport=-4.702 tier=no  (ETA 125.3m)
[16:59:45] [42/135] ibuprofen                    fold_q141k=-4.77 fold_wt=-4.605 transport=-4.899 tier=no  (ETA 121.5m)
[16:59:56] [43/135] naproxen                     fold_q141k=-4.883 fold_wt=-4.645 transport=-5.363 tier=no  (ETA 117.8m)
[17:00:23] [44/135] celecoxib                    fold_q141k=-5.257 fold_wt=-5.971 transport=-7.17 tier=no  (ETA 114.8m)
[17:00:41] [45/135] diclofenac                   fold_q141k=-3.985 fold_wt=-4.225 transport=-5.5 tier=no  (ETA 111.6m)
[17:01:39] [46/135] amlodipine                   fold_q141k=-4.0 fold_wt=-4.526 transport=-5.568 tier=no  (ETA 109.8m)
[17:03:08] [47/135] lisinopril                   fold_q141k=-6.059 fold_wt=-5.728 transport=-6.69 tier=no  (ETA 109.0m)
[17:04:05] [48/135] losartan                     fold_q141k=-5.672 fold_wt=-5.7 transport=-6.718 tier=no  (ETA 107.3m)
[17:51:56] RESUME: 47 ligands already complete; 88 to dock
[17:52:01] [10/135] sodium_butyrate              fold_q141k=-3.756 fold_wt=-3.724 transport=-3.64 tier=no  (ETA 1.0m)
[17:53:21] [49/135] valsartan                    fold_q141k=-5.526 fold_wt=-4.521 transport=-6.585 tier=no  (ETA 2.5m)
[17:53:33] [50/135] hydrochlorothiazide          fold_q141k=-4.669 fold_wt=-4.646 transport=-5.858 tier=no  (ETA 2.7m)
[17:53:55] [51/135] diphenhydramine              fold_q141k=-4.074 fold_wt=-4.732 transport=-5.013 tier=no  (ETA 3.3m)
[17:54:44] [52/135] loratadine                   fold_q141k=-3.468 fold_wt=-4.115 transport=-4.695 tier=no  (ETA 4.5m)
[17:55:30] [53/135] cetirizine                   fold_q141k=-4.792 fold_wt=-5.128 transport=-5.547 tier=no  (ETA 5.5m)
[17:55:36] [54/135] metformin                    fold_q141k=-3.812 fold_wt=-3.817 transport=-4.88 tier=no  (ETA 5.5m)
[17:56:30] [55/135] glipizide                    fold_q141k=-5.276 fold_wt=-5.992 transport=-7.282 tier=no  (ETA 6.6m)
[17:57:08] [56/135] pioglitazone                 fold_q141k=-5.524 fold_wt=-5.735 transport=-6.314 tier=no  (ETA 7.3m)
[17:57:13] [57/135] allopurinol                  fold_q141k=-3.68 fold_wt=-3.629 transport=-4.881 tier=no  (ETA 7.2m)
[17:57:31] [58/135] febuxostat                   fold_q141k=-4.851 fold_wt=-4.782 transport=-5.884 tier=no  (ETA 7.4m)
[17:57:52] [59/135] probenecid                   fold_q141k=-3.696 fold_wt=-4.026 transport=-5.278 tier=no  (ETA 7.7m)
[17:58:11] [60/135] benzbromarone                fold_q141k=-4.947 fold_wt=-5.108 transport=-5.97 tier=no  (ETA 7.8m)
[17:59:30] [61/135] colchicine                   fold_q141k=-3.027 fold_wt=-3.474 transport=-4.682 tier=no  (ETA 9.2m)
[18:11:53] [62/135] rifampicin                   fold_q141k=-4.09 fold_wt=-5.32 transport=-6.057 tier=no  (ETA 23.5m)
[18:13:05] [63/135] ketoconazole                 fold_q141k=-5.561 fold_wt=-5.32 transport=-7.146 tier=no  (ETA 24.2m)
[18:16:12] [64/135] itraconazole                 fold_q141k=-5.894 fold_wt=-5.085 transport=-7.608 tier=no  (ETA 26.9m)
[18:46:16] [65/135] cyclosporine_a               fold_q141k=None fold_wt=None transport=None tier=error  (ETA 58.5m)
[19:01:38] [66/135] tacrolimus                   fold_q141k=-3.781 fold_wt=-4.711 transport=-4.716 tier=no  (ETA 72.9m)
[19:02:46] [67/135] imatinib                     fold_q141k=-5.457 fold_wt=-5.944 transport=-7.927 tier=no  (ETA 71.9m)
[19:03:46] [68/135] gefitinib                    fold_q141k=-5.947 fold_wt=-5.959 transport=-7.18 tier=no  (ETA 70.8m)
[19:04:39] [69/135] erlotinib                    fold_q141k=-5.527 fold_wt=-5.779 transport=-6.029 tier=no  (ETA 69.6m)
[19:05:22] [70/135] sorafenib                    fold_q141k=-6.111 fold_wt=-5.882 transport=-7.143 tier=no  (ETA 68.2m)
[19:05:46] [71/135] omeprazole                   fold_q141k=-5.299 fold_wt=-5.205 transport=-6.243 tier=no  (ETA 66.5m)
[19:06:21] [72/135] pantoprazole                 fold_q141k=-5.35 fold_wt=-5.994 transport=-6.382 tier=no  (ETA 65.1m)
[19:06:58] [73/135] ranitidine                   fold_q141k=-4.213 fold_wt=-4.039 transport=-5.495 tier=no  (ETA 63.7m)
[19:07:19] [74/135] warfarin                     fold_q141k=-4.952 fold_wt=-5.379 transport=-6.261 tier=no  (ETA 62.1m)
[19:07:38] [75/135] clopidogrel                  fold_q141k=-4.344 fold_wt=-4.5 transport=-5.626 tier=no  (ETA 60.6m)
[19:08:19] [76/135] apixaban                     fold_q141k=-5.105 fold_wt=-5.215 transport=-6.805 tier=no  (ETA 59.3m)
[19:08:50] [77/135] levothyroxine                fold_q141k=-4.67 fold_wt=-4.642 transport=-5.147 tier=no  (ETA 57.9m)
[19:09:07] [78/135] prednisone                   fold_q141k=-5.24 fold_wt=-5.24 transport=-6.789 tier=no  (ETA 56.4m)
[19:09:15] [79/135] acetaminophen                fold_q141k=-4.259 fold_wt=-4.432 transport=-4.613 tier=no  (ETA 54.8m)
[19:09:24] [80/135] aspirin                      fold_q141k=-3.742 fold_wt=-3.964 transport=-5.048 tier=no  (ETA 53.3m)
[19:10:14] [81/135] ezetimibe                    fold_q141k=-6.062 fold_wt=-6.73 transport=-6.233 tier=no  (ETA 52.2m)
[19:10:46] [82/135] fenofibrate                  fold_q141k=-5.284 fold_wt=-5.238 transport=-6.114 tier=no  (ETA 51.0m)
[19:11:05] [83/135] gemfibrozil                  fold_q141k=-5.38 fold_wt=-4.949 transport=-5.193 tier=no  (ETA 49.6m)
[19:11:13] [84/135] carbamazepine                fold_q141k=-5.165 fold_wt=-5.196 transport=-6.811 tier=no  (ETA 48.1m)
[19:11:22] [85/135] valproic_acid                fold_q141k=-4.034 fold_wt=-4.049 transport=-3.973 tier=no  (ETA 46.7m)
[19:11:34] [86/135] phenytoin                    fold_q141k=-4.972 fold_wt=-5.614 transport=-6.088 tier=no  (ETA 45.4m)
[19:11:44] [87/135] gabapentin                   fold_q141k=-3.559 fold_wt=-3.313 transport=-5.229 tier=no  (ETA 44.0m)
[19:12:02] [88/135] disulfiram                   fold_q141k=-3.284 fold_wt=-3.266 transport=-3.718 tier=no  (ETA 42.8m)
[19:12:08] [89/135] metformin_extended_release   fold_q141k=-3.812 fold_wt=-3.817 transport=-4.88 tier=no  (ETA 41.4m)
[19:12:16] [90/135] n_acetylcysteine             fold_q141k=-3.32 fold_wt=-3.646 transport=-4.453 tier=no  (ETA 40.2m)
[19:13:19] [91/135] tauroursodeoxycholic_acid    fold_q141k=-5.064 fold_wt=-5.823 transport=-7.776 tier=no  (ETA 39.4m)
[19:13:48] [92/135] ursodiol                     fold_q141k=-4.74 fold_wt=-4.842 transport=-6.645 tier=no  (ETA 38.3m)
[19:18:10] [93/135] glycerol_phenylbutyrate      fold_q141k=-6.199 fold_wt=-6.528 transport=-5.937 tier=no  (ETA 38.9m)
[19:18:20] [94/135] sodium_phenylbutyrate        fold_q141k=-5.36 fold_wt=-4.892 transport=-4.603 tier=no  (ETA 37.7m)
[19:18:27] [95/135] salicylic_acid               fold_q141k=-3.676 fold_wt=-4.147 transport=-4.876 tier=no  (ETA 36.4m)
[19:18:53] [96/135] lesinurad                    fold_q141k=-4.819 fold_wt=-4.82 transport=-5.96 tier=no  (ETA 35.3m)
[19:19:20] [97/135] verinurad                    fold_q141k=-4.542 fold_wt=-4.496 transport=-5.95 tier=no  (ETA 34.2m)
[19:19:37] [98/135] dotinurad                    fold_q141k=-5.045 fold_wt=-5.212 transport=-6.536 tier=no  (ETA 33.1m)
[19:21:09] [99/135] etoposide                    fold_q141k=-4.555 fold_wt=-6.03 transport=-6.642 tier=no  (ETA 32.4m)
[19:22:56] [100/135] mitoxantrone                 fold_q141k=-4.285 fold_wt=-5.32 transport=-6.196 tier=no  (ETA 31.9m)
[19:23:21] [101/135] topotecan                    fold_q141k=-4.744 fold_wt=-5.596 transport=-6.901 tier=no  (ETA 30.8m)
[19:23:31] [102/135] estradiol                    fold_q141k=-5.636 fold_wt=-5.649 transport=-5.713 tier=no  (ETA 29.6m)
[19:23:40] [103/135] testosterone                 fold_q141k=-5.54 fold_wt=-5.239 transport=-5.615 tier=no  (ETA 28.5m)
[19:23:50] [104/135] progesterone                 fold_q141k=-5.533 fold_wt=-5.114 transport=-5.881 tier=no  (ETA 27.4m)
[19:24:27] [105/135] sulfasalazine                fold_q141k=-5.782 fold_wt=-6.495 transport=-7.345 tier=no  (ETA 26.4m)
[19:25:40] [106/135] methotrexate                 fold_q141k=-5.544 fold_wt=-5.487 transport=-7.35 tier=no  (ETA 25.6m)
[19:26:03] [107/135] trimethoprim                 fold_q141k=-4.518 fold_wt=-4.168 transport=-5.257 tier=no  (ETA 24.6m)
[19:26:18] [108/135] sulfamethoxazole             fold_q141k=-5.032 fold_wt=-5.045 transport=-5.87 tier=no  (ETA 23.6m)
[19:26:57] [109/135] buspirone                    fold_q141k=-5.663 fold_wt=-5.977 transport=-6.791 tier=no  (ETA 22.7m)
[19:27:11] [110/135] ondansetron                  fold_q141k=-4.709 fold_wt=-4.599 transport=-6.092 tier=no  (ETA 21.6m)
[19:28:10] [111/135] celiprolol                   fold_q141k=-4.075 fold_wt=-4.815 transport=-5.368 tier=no  (ETA 20.8m)
[19:28:52] [112/135] spiperone                    fold_q141k=-6.453 fold_wt=-6.43 transport=-7.645 tier=no  (ETA 19.9m)
[19:29:31] [113/135] haloperidol                  fold_q141k=-5.074 fold_wt=-6.0 transport=-7.16 tier=no  (ETA 19.0m)
[19:29:41] [114/135] clozapine                    fold_q141k=-4.297 fold_wt=-4.666 transport=-6.416 tier=no  (ETA 18.0m)
[19:29:50] [115/135] olanzapine                   fold_q141k=-4.164 fold_wt=-4.627 transport=-5.974 tier=no  (ETA 17.0m)
[19:31:05] [116/135] raloxifene                   fold_q141k=-5.065 fold_wt=-5.653 transport=-7.557 tier=no  (ETA 16.2m)
[19:31:48] [117/135] tamoxifen                    fold_q141k=-4.558 fold_wt=-4.389 transport=-5.863 tier=no  (ETA 15.4m)
[19:32:38] [118/135] clomiphene                   fold_q141k=-4.435 fold_wt=-4.344 transport=-5.65 tier=no  (ETA 14.5m)
[19:32:58] [119/135] quercetin                    fold_q141k=-4.736 fold_wt=-5.332 transport=-6.879 tier=no  (ETA 13.6m)
[19:33:48] [120/135] curcumin                     fold_q141k=-4.541 fold_wt=-5.121 transport=-6.475 tier=no  (ETA 12.7m)
[19:34:03] [121/135] resveratrol                  fold_q141k=-5.138 fold_wt=-4.731 transport=-5.339 tier=no  (ETA 11.8m)
[19:35:18] [122/135] egcg                         fold_q141k=-5.534 fold_wt=-5.782 transport=-7.492 tier=no  (ETA 11.0m)
[19:35:33] [123/135] naringenin                   fold_q141k=-5.198 fold_wt=-5.304 transport=-6.177 tier=no  (ETA 10.1m)
[19:36:03] [124/135] minocycline                  fold_q141k=-5.374 fold_wt=-5.562 transport=-6.268 tier=no  (ETA 9.2m)
[20:01:04] [125/135] rifaximin                    fold_q141k=-4.485 fold_wt=-4.616 transport=-7.035 tier=no  (ETA 10.3m)
[20:01:32] [126/135] metaxalone                   fold_q141k=-5.162 fold_wt=-4.617 transport=-5.391 tier=no  (ETA 9.3m)
[20:09:48] [127/135] venetoclax                   fold_q141k=-4.716 fold_wt=-6.209 transport=-8.046 tier=no  (ETA 8.7m)
[20:09:54] [128/135] dapansutrile                 fold_q141k=-3.694 fold_wt=-3.485 transport=-4.194 tier=no  (ETA 7.5m)
[20:10:26] [129/135] mcc950                       fold_q141k=-6.383 fold_wt=-6.173 transport=-7.321 tier=no  (ETA 6.4m)
[20:10:40] [130/135] zileuton                     fold_q141k=-4.224 fold_wt=-4.12 transport=-5.654 tier=no  (ETA 5.3m)
[20:12:32] [131/135] avacopan                     fold_q141k=-7.816 fold_wt=-6.607 transport=-7.54 tier=no  (ETA 4.3m)
[20:18:42] [132/135] telaprevir                   fold_q141k=-5.413 fold_wt=-6.418 transport=-6.639 tier=no  (ETA 3.3m)
[20:19:02] [133/135] tideglusib                   fold_q141k=-5.366 fold_wt=-5.476 transport=-6.28 tier=no  (ETA 2.2m)
[20:20:29] [134/135] tolvaptan                    fold_q141k=-4.189 fold_wt=-4.333 transport=-5.715 tier=no  (ETA 1.1m)
[20:22:43] [135/135] novobiocin                   fold_q141k=-6.361 fold_wt=-5.46 transport=-6.611 tier=no  (ETA 0.0m)
[20:22:43] DONE. wrote outputs/results.json (135 molecules) in 150.8 min
